// Jest Snapshot v1, https://goo.gl/fbAQLP

exports[`should correctly render login page 1`] = `
<div>
  <h1>
     Login Page
  </h1>
  <h3>
     User Name 
  </h3>
  <h3>
     Password
  </h3>
  <button>
     Login 
  </button>
  <p>
     Forgot Your Password? 
  </p>
</div>
`;
